project/index.md:<!-- |CENTER: &ref(rtm_logo.png,url=http://www.openrtm.org/openrtm/ja/contests/2009,center); &br; OpenRTC-aistは産総研でメンテナンスを行っている必要最低限かつ品費つの保証されたRTC群です。|CENTER: &ref(http://smart-grid.hotcalpis.com/wordpress/wp-content/uploads/nedo_logo.jpg,url=http://www.openrtm.org/openrtm/ja/contests/2009,50%,center); &br; NEDO知能化プロジェクトで開発された知能化RTコンポーネント群です。| -->
download/openrtm-aist-java/openrtm-aist-java_1_1_2_release/index.md:<!-- JDK6、5 以外の Java をお使いの場合は、zip アーカイブをダウンロードの上、[[手動でインストール:http://openrtm.org/openrtm/ja/content/windows%E3%81%B8%E3%81%AE%E3%82%A4%E3%83%B3%E3%82%B9%E3%83%88%E3%83%BC%E3%83%AB-1#toc10]]してください。 -->
download/openrtm-aist-java/openrtm-aist-java_1_1_0_rc1/index.md:- Windowsをご利用の方はmsiでのインストールを推奨します。[インストール方法](http://openrtm.org/openrtm/ja/content/windows%E3%81%B8%E3%81%AE%E3%82%A4%E3%83%B3%E3%82%B9%E3%83%88%E3%83%BC%E3%83%AB-1)
download/openrtm-aist-java/openrtm-aist-java_1_1_0_rc1/index.md:JDK6,5以外のJavaをお使いの場合は、zipアーカイブをダウンロードの上、[手動でインストール](http://openrtm.org/openrtm/ja/content/windows%E3%81%B8%E3%81%AE%E3%82%A4%E3%83%B3%E3%82%B9%E3%83%88%E3%83%BC%E3%83%AB-1#toc10)してください。
download/openrtm-aist-java/openrtm-aist-java_1_1_0_release/index.md:- Windows をご利用の方は msi でのインストールを推奨します。[インストール方法](http://openrtm.org/openrtm/ja/content/windows%E3%81%B8%E3%81%AE%E3%82%A4%E3%83%B3%E3%82%B9%E3%83%88%E3%83%BC%E3%83%AB-1)
download/openrtm-aist-java/openrtm-aist-java_1_1_0_release/index.md:<!-- JDK6、5以外の Java をお使いの場合は、zip アーカイブをダウンロードの上、[[手動でインストール:http://openrtm.org/openrtm/ja/content/windows%E3%81%B8%E3%81%AE%E3%82%A4%E3%83%B3%E3%82%B9%E3%83%88%E3%83%BC%E3%83%AB-1#toc10]]してください。 -->
download/tools/openrtp_1_1_0_rc5/index.md:手順については[更新方法](http://openrtm.org/openrtm/ja/content/openrtp_plugin_update)のページをご覧下さい。
download/tools/openrtp_1_1_2/index.md:手順については[更新方法](http://openrtm.org/openrtm/ja/content/openrtp_plugin_update)のページをご覧下さい。
download/openrtm-aist-cpp/openrtm-aist-cpp_1_1_1_release/index.md:これらの選択は、デフォルト設定のままインストールすることをお勧めします。オプションの選択については、[OpenRTM-aistを10分で始めよう！](http://openrtm.org/openrtm/ja/content/lets_start) のページで手順を紹介しています。
download/openrtm-aist-cpp/openrtm-aist-cpp_1_1_2_release/index.md:- [http://openrtm.org/openrtm/ja/content/vc_version_changer](http://openrtm.org/openrtm/ja/content/vc_version_changer)
download/openrtm-aist-cpp/openrtm-aist-cpp_1_1_2_release/index.md:- [http://openrtm.org/openrtm/ja/content/tool_trouble_shooting_ja#toc1](http://openrtm.org/openrtm/ja/content/tool_trouble_shooting_ja#toc1)
download/openrtm-aist-cpp/openrtm-aist-cpp_1_1_2_release/index.md:- [http://openrtm.org/openrtm/ja/content/rtm-install-check-script](http://openrtm.org/openrtm/ja/content/rtm-install-check-script)
download/openrtp/openrtp-110-rc5-ja/index.md:https://openrtm.org/openrtm/ja/download/tools/openrtp_1_1_0_rc5
hardware/index.md:&ref(randd_all2.png,url=http://www.openrtm.org/openrtm/ja/robots_and_devices/all,50%,margin=20 20 20 20,すべて);
hardware/index.md:&ref(randd_camandsensor.png,url=http://www.openrtm.org/openrtm/ja/camera_and_sensor,50%,margin=20 20 20 20,カメラ・センサ
hardware/index.md:&ref(randd_inputdevice.png,url=http://www.openrtm.org/openrtm/ja/input_devices,50%,margin=20 20 20 20,入力デバイス);
hardware/index.md:&ref(randd_mobilerobot.png,url=http://www.openrtm.org/openrtm/ja/mobile_robot,50%,margin=20 20 20 20,移動ロボット);
hardware/index.md:&ref(randd_manipulator.png,url=http://www.openrtm.org/openrtm/ja/manipulator_and_arm,50%,margin=20 20 20 20,アーム・マニ>ピュレータ);
hardware/index.md:&ref(randd_humanoid.png,url=http://www.openrtm.org/openrtm/ja/humanoid,50%,margin=20 20 20 20,ヒューマノイド);
hardware/index.md:- [Issue Tracking](http://www.openrtm.org/openrtm/ja/node/add/project-issue)
doc/toolmanuals/rtcbuilder-1_1_0/compile_win_cmake_cpp_rtcb_1_1_0/index.md:[CMake patch (for Wix 3.0)](http://www.openrtm.org/openrtm/sites/default/files/4623/cmake-2.8-WiX-patch_v30.zip)
doc/toolmanuals/rtcbuilder-1_1_0/index.md:<!-- https://openrtm.org/openrtm/ja/doc/toolmanuals/rtcbuilder-1_1_0
doc/casestudy/vpn_setup_for_rtmnetwork/index.md:NAT の設定を自分で変えることができる場合、NAT のポートフォワーディング機能を利用し、rtc.conf の [corba.alternate_iiop_addresses](http://www.openrtm.org/openrtm/ja/content/rtcconf_reference_ja#toc23) オプションを指定することで NA T内外の RTC 同士を連携させることも可能です。
doc/casestudy/lego_mindstorm/lego_ev3rtc_python/index.md:- [http://openrtm.org/openrtm/ja/project/Recommendation_CommonIF](http://openrtm.org/openrtm/ja/project/Recommendation_CommonIF)
doc/casestudy/lego_mindstorm/lego_tutorial_ev3/index.md:- [共通インターフェース仕様書](http://openrtm.org/openrtm/sites/default/files/Automobile_Interface1.0.zip)
doc/casestudy/raspberrypi_mouse/raspimouse_init/index.md:[このページ](http://openrtm.org/openrtm/ja/content/raspberrypi_sdcard) の手順に従ってRaspbian を SDカードに書き込んでください。
doc/casestudy/raspberrypi_mouse/raspimouse_tutorial_bootcamp/tutorial_bootcamp_python_windows/index.md:- [RaspberryPiMouseSimulator コンポーネント](http://www.openrtm.org/openrtm/ja/content/simulator_rtc_raspbian_raspimouse)
doc/casestudy/raspberrypi_mouse/raspimouse_tutorial_rtm_seminar/tutorial_rtm_seminar_win_part2/index.md:- [OpenRTM-aist-2.0.0-RELEASE](https://openrtm.org/openrtm/ja/download)
doc/casestudy/raspberrypi_mouse/raspimouse_tutorial_rtm_seminar/tutorial_rtm_seminar_rtshell_raspberrypimouse/index.md:- [rtshell入門](https://openrtm.org/openrtm/sites/default/files/5620/rtshell.pdf)
doc/casestudy/leapmotion_choreonoid/index.md:1. スタートメニューの「Start Naming Service」でネームサーバーを機動する（[OpenRTMのドキュメント](http://openrtm.org/openrtm/ja/content/openrtm-aist%E3%82%9210%E5%88%86%E3%81%A7%E5%A7%8B%E3%82%81%E3%82%88%E3%81%86%EF%BC%81#toc2)に参照してください）
doc/faq/faq_common_license/index.md:ただし、もし製品にご使用に使用されたい場合は、メーリングリストや[Webページのコンタクトフォーム](http://openrtm.org/openrtm/contact)などへお知らせいただけるとありがたいです。
doc/faq/faq_common_license/index.md:- http://openrtm.org/openrtm/ja/community/forum_ja
doc/faq/faq_common_license/index.md:- プロジェクトページ: http://openrtm.org/openrtm/ja/project/projects_ja
doc/faq/faq_rtp_tools/index.md:[ExternalManifestON.reg](http://openrtm.org/openrtm/sites/default/files/248/ExternalManifestON.reg)
doc/developersguide/advanced_rt_system_programming/create_fsm_comp/index.md:- [https://openrtm.org/openrtm/ja/content/cmake_build_rtm](https://openrtm.org/openrtm/ja/content/cmake_build_rtm)
doc/installation/install_1_1/java_1_1/install_windows_java_1_1/index.md:- http://openrtm.org/openrtm/ja/content/rtm-install-check-script
doc/installation/install_1_1/java_1_1/build_source_java_1_1/index.md:Python 及び PyYAML が必要です。[OpenRTM-aist の C++版のダウンロードのページ](http://openrtm.org/openrtm/ja/content/openrtm-aist-c-111-release) からダウンロードして、
doc/installation/install_1_1/python_1_1/install_windows_python_1_1/index.md:- http://openrtm.org/openrtm/ja/content/rtm-install-check-script
doc/installation/install_1_1/cpp_1_1/install_windows_1_1/index.md:- [http://openrtm.org/openrtm/ja/content/rtm-install-check-script](http://openrtm.org/openrtm/ja/content/rtm-install-check-script)
doc/installation/sample_components/tkcalibgui/index.md:    <td><a href="http://openrtm.org/openrtm/ja/content/openrtm-aist-python-110-release">OpenRTM-aist Python版</a>のページから一括インストールスクリプトをダウンロードできます。</td>
doc/installation/install_1_2/cpp_1_2/install_windows_1_2/index.md:<!-- - http://openrtm.org/openrtm/ja/content/rtm-install-check-script -->
doc/installation/install_1_2/openrtp_1_2/rtcbuilder/index.md:- [RTCBuilder、RTSystemEditorのビルド](https://openrtm.org/openrtm/ja/build_12_openrtp)
doc/installation/install_1_2/python_1_2/windows_python_1_2/index.md:<!-- - http://openrtm.org/openrtm/ja/content/rtm-install-check-script -->
doc/old_documents/install_rtshell/index.md:[ドキュメント](http://openrtm.org/openrtm/ja/content/windows%E3%81%B8%E3%81%AE%E3%82%A4%E3%83%B3%E3%82%B9%E3%83%88%E3%83%BC%E3%83%AB-0) を参照してください。
