node.log:download/openrtm-aist-java/openrtm-aist-java_1_1_2_release/index.md:インストールについては、[OpenRTM-aistを10分で始めよう！](http://openrtm.org/openrtm/ja/node/6026) のページで手順を紹介しています。<br>
node.log:download/node.log:openrtm-aist-java/openrtm-aist-java_1_1_2_release/index.md:インストールについては、[OpenRTM-aistを10分で始めよう！](http://openrtm.org/openrtm/ja/node/6026) のページで手順を紹介しています。<br>
node.log:download/node.log:tools/openrtp_1_1_2/index.md:インストールについては、[OpenRTM-aistを10分で始めよう！](http://openrtm.org/openrtm/ja/node/6026) のページで手順を紹介しています。<br>
node.log:download/node.log:openrtm-aist-cpp/openrtm-aist-cpp_1_1_2_release/index.md:インストールについては、[OpenRTM-aistを10分で始めよう！](http://openrtm.org/openrtm/ja/node/6026) のページで手順を紹介しています。<br>
node.log:download/node.log:openrtm-aist-cpp/openrtm-aist-cpp_1_1_2_release/index.md:オプションを指定することで、目的に合わせたパッケージをインストールすることができるようになりました。インストール方法やオプション、パッケージの種類につきましては、「[一括インストール・スクリプト](http://openrtm.org/openrtm/ja/node/6345)」のページをご確認ください。
node.log:download/node.log:openrtm-aist-content/110-rc3/index.md:https://openrtm.org/openrtm/ja/node/4553
node.log:download/node.log:openrtm-aist-python/openrtm-aist-python_1_1_2_release/index.md:インストールについては、[OpenRTM-aistを10分で始めよう！](http://openrtm.org/openrtm/ja/node/6026) のページで手順を紹介しています。<br>
node.log:download/node.log:openrtm-aist-python/openrtm-aist-python_1_1_2_release/index.md:オプションを指定することで、目的に合わせたパッケージをインストールすることができるようになりました。インストール方法やオプション、パッケージの種類につきましては、[こちら](http://openrtm.org/openrtm/ja/node/6345)をご確認ください。
node.log:download/tools/openrtp_1_1_2/index.md:インストールについては、[OpenRTM-aistを10分で始めよう！](http://openrtm.org/openrtm/ja/node/6026) のページで手順を紹介しています。<br>
node.log:download/openrtm-aist-cpp/openrtm-aist-cpp_1_1_2_release/index.md:インストールについては、[OpenRTM-aistを10分で始めよう！](http://openrtm.org/openrtm/ja/node/6026) のページで手順を紹介しています。<br>
node.log:download/openrtm-aist-cpp/openrtm-aist-cpp_1_1_2_release/index.md:オプションを指定することで、目的に合わせたパッケージをインストールすることができるようになりました。インストール方法やオプション、パッケージの種類につきましては、「[一括インストール・スクリプト](http://openrtm.org/openrtm/ja/node/6345)」のページをご確認ください。
node.log:download/openrtm-aist-content/110-rc3/index.md:https://openrtm.org/openrtm/ja/node/4553
node.log:download/openrtm-aist-python/openrtm-aist-python_1_1_2_release/index.md:インストールについては、[OpenRTM-aistを10分で始めよう！](http://openrtm.org/openrtm/ja/node/6026) のページで手順を紹介しています。<br>
node.log:download/openrtm-aist-python/openrtm-aist-python_1_1_2_release/index.md:オプションを指定することで、目的に合わせたパッケージをインストールすることができるようになりました。インストール方法やオプション、パッケージの種類につきましては、[こちら](http://openrtm.org/openrtm/ja/node/6345)をご確認ください。
node.log:hardware/index.md:- [フォーラム](http://www.openrtm.org/openrtm/ja/node/281)
node.log:hardware/index.md:- [メーリングリスト](http://www.openrtm.org/openrtm/ja/node/275)
node.log:hardware/index.md:- [Issue Tracking](http://www.openrtm.org/openrtm/ja/node/add/project-issue)
node.log:doc/toolmanuals/rtcbuilder-1_1_0/compile_win_java_rtcb_1_1_0/index.md:- [新規 Java プロジェクトが JDK6(1.6)準拠として作成できない](https://openrtm.org/openrtm/ja/node/6426#errorjavaJDK)
node.log:doc/toolmanuals/rtcbuilder-1_1_0/compile_win_java_rtcb_1_1_0/index.md:- [任意のフォルダーにクラスパスを設定して Ant ビルドを行う方法は？](https://openrtm.org/openrtm/ja/node/6426#Antbuild)
node.log:doc/toolmanuals/rtcbuilder-1_1_0/compile_win_java_rtcb_1_1_0/index.md:- [Java で Ant を使ってコマンドラインからビルドするときに例外が表示される](https://openrtm.org/openrtm/ja/node/6426#Antbuilderror)
node.log:doc/casestudy/index.md:<!-- -[[画像処理コンポーネントの作成 (OpenRTM-aist-1.1, CMake, VC2010):http://www.openrtm.org/openrtm/ja/node/4625]] -->
node.log:doc/casestudy/raspberrypi_mouse/raspimouse_tutorial_rtm_seminar/tutorial_rtm_seminar_opencv_raspberrypimouse/index.md:- [チュートリアル(Raspberry Pi Mouse、RTM講習会)](https://openrtm.org/openrtm/ja/node/6549)
node.log:doc/faq/faq_common_license/index.md:- [プロジェクト作成マニュアル](http://openrtm.org/openrtm/ja/node/1554)
node.log:doc/installation/other/raspberrypi_casestudy/io_programming_pirt-unit/system_setting_pirt-unit/index.md:spi と i2c を利用するためには、raspi-config で Enable に設定します。[Raspberry Pi の初期設定](http://openrtm.org/openrtm/ja/node/266/) のページをご覧ください。
node.log:doc/installation/install_1_1/python_1_1/install_fedora_python_1_1/index.md:詳しいオプションやパッケージの種類につきましては、[こちら](http://openrtm.org/openrtm/ja/node/6345)をご確認ください。
node.log:doc/installation/install_1_1/python_1_1/test_windows_python_1_1/index.md:<!-- https://openrtm.org/openrtm/ja/node/1225/edit-->
node.log:doc/installation/install_1_1/python_1_1/install_ubuntu_python_1_1/index.md:<!-- -[[パッケージインストールスクリプト:http://www.openrtm.org/openrtm/ja/node/932#linuxpkg]] -->
node.log:doc/installation/install_1_1/cpp_1_1/install_windows_1_1/quick_start_1_1_2/index.md:https://openrtm.org/openrtm/ja/node/6026/
node.log:doc/installation/install_1_1/cpp_1_1/install_rasbian_1_1/index.md:<!-- [[移動ロボットKobukiの制御:http://openrtm.org/openrtm/ja/node/273/]] のページでもセットアップスクリプトを紹介しています。 -->
node.log:doc/installation/install_1_1/cpp_1_1/test_windows_1_1/index.md:https://openrtm.org/openrtm/ja/node/794<br>
node.log:doc/installation/sample_components/opencvcamera/index.md:    - Flipの詳しい使い方・解説は[こちら](http://www.openrtm.org/openrtm/ja/node/6057)をご確認ください。
node.log:doc/installation/install_1_2/java_1_2/ubuntu_java_1_2/index.md:一括インストールスクリプトのダウンロードや詳しいインストール方法、指定可能なオプションの種類につきましては、「[一括インストールスクリプト](http://openrtm.org/openrtm/ja/node/6345)」のページをご確認ください。
node.log:doc/old_documents/install_rtshell/index.md:[rtshell](http://www.openrtm.org/openrtm/ja/node/1005) はネームサーバー上に登録されている RTコンポーネントを、シェル (コマンドプロンプト) から管理することができるツールです。
node.log:doc/old_documents/install_rtshell/index.md:openrtm.org の[ダウンロードサイト](http://openrtm.org/openrtm/ja/node/1323)から
node.log:doc/old_documents/install_rtshell/index.md:openrtm.org の[ダウンロードサイト](http://openrtm.org/openrtm/ja/node/1323)から
node.log:doc/old_documents/install_rtshell/index.md:openrtm.org の [ダウンロードサイト](http://openrtm.org/openrtm/ja/node/869) から
download/openrtm-aist-java/openrtm-aist-java_1_1_2_release/index.md:インストールについては、[OpenRTM-aistを10分で始めよう！](http://openrtm.org/openrtm/ja/node/6026) のページで手順を紹介しています。<br>
download/node.log:openrtm-aist-java/openrtm-aist-java_1_1_2_release/index.md:インストールについては、[OpenRTM-aistを10分で始めよう！](http://openrtm.org/openrtm/ja/node/6026) のページで手順を紹介しています。<br>
download/node.log:tools/openrtp_1_1_2/index.md:インストールについては、[OpenRTM-aistを10分で始めよう！](http://openrtm.org/openrtm/ja/node/6026) のページで手順を紹介しています。<br>
download/node.log:openrtm-aist-cpp/openrtm-aist-cpp_1_1_2_release/index.md:インストールについては、[OpenRTM-aistを10分で始めよう！](http://openrtm.org/openrtm/ja/node/6026) のページで手順を紹介しています。<br>
download/node.log:openrtm-aist-cpp/openrtm-aist-cpp_1_1_2_release/index.md:オプションを指定することで、目的に合わせたパッケージをインストールすることができるようになりました。インストール方法やオプション、パッケージの種類につきましては、「[一括インストール・スクリプト](http://openrtm.org/openrtm/ja/node/6345)」のページをご確認ください。
download/node.log:openrtm-aist-content/110-rc3/index.md:https://openrtm.org/openrtm/ja/node/4553
download/node.log:openrtm-aist-python/openrtm-aist-python_1_1_2_release/index.md:インストールについては、[OpenRTM-aistを10分で始めよう！](http://openrtm.org/openrtm/ja/node/6026) のページで手順を紹介しています。<br>
download/node.log:openrtm-aist-python/openrtm-aist-python_1_1_2_release/index.md:オプションを指定することで、目的に合わせたパッケージをインストールすることができるようになりました。インストール方法やオプション、パッケージの種類につきましては、[こちら](http://openrtm.org/openrtm/ja/node/6345)をご確認ください。
download/tools/openrtp_1_1_2/index.md:インストールについては、[OpenRTM-aistを10分で始めよう！](http://openrtm.org/openrtm/ja/node/6026) のページで手順を紹介しています。<br>
download/openrtm-aist-cpp/openrtm-aist-cpp_1_1_2_release/index.md:インストールについては、[OpenRTM-aistを10分で始めよう！](http://openrtm.org/openrtm/ja/node/6026) のページで手順を紹介しています。<br>
download/openrtm-aist-cpp/openrtm-aist-cpp_1_1_2_release/index.md:オプションを指定することで、目的に合わせたパッケージをインストールすることができるようになりました。インストール方法やオプション、パッケージの種類につきましては、「[一括インストール・スクリプト](http://openrtm.org/openrtm/ja/node/6345)」のページをご確認ください。
download/openrtm-aist-content/110-rc3/index.md:https://openrtm.org/openrtm/ja/node/4553
download/openrtm-aist-python/openrtm-aist-python_1_1_2_release/index.md:インストールについては、[OpenRTM-aistを10分で始めよう！](http://openrtm.org/openrtm/ja/node/6026) のページで手順を紹介しています。<br>
download/openrtm-aist-python/openrtm-aist-python_1_1_2_release/index.md:オプションを指定することで、目的に合わせたパッケージをインストールすることができるようになりました。インストール方法やオプション、パッケージの種類につきましては、[こちら](http://openrtm.org/openrtm/ja/node/6345)をご確認ください。
hardware/index.md:- [フォーラム](http://www.openrtm.org/openrtm/ja/node/281)
hardware/index.md:- [メーリングリスト](http://www.openrtm.org/openrtm/ja/node/275)
hardware/index.md:- [Issue Tracking](http://www.openrtm.org/openrtm/ja/node/add/project-issue)
doc/toolmanuals/rtcbuilder-1_1_0/compile_win_java_rtcb_1_1_0/index.md:- [新規 Java プロジェクトが JDK6(1.6)準拠として作成できない](https://openrtm.org/openrtm/ja/node/6426#errorjavaJDK)
doc/toolmanuals/rtcbuilder-1_1_0/compile_win_java_rtcb_1_1_0/index.md:- [任意のフォルダーにクラスパスを設定して Ant ビルドを行う方法は？](https://openrtm.org/openrtm/ja/node/6426#Antbuild)
doc/toolmanuals/rtcbuilder-1_1_0/compile_win_java_rtcb_1_1_0/index.md:- [Java で Ant を使ってコマンドラインからビルドするときに例外が表示される](https://openrtm.org/openrtm/ja/node/6426#Antbuilderror)
doc/casestudy/index.md:<!-- -[[画像処理コンポーネントの作成 (OpenRTM-aist-1.1, CMake, VC2010):http://www.openrtm.org/openrtm/ja/node/4625]] -->
doc/casestudy/raspberrypi_mouse/raspimouse_tutorial_rtm_seminar/tutorial_rtm_seminar_opencv_raspberrypimouse/index.md:- [チュートリアル(Raspberry Pi Mouse、RTM講習会)](https://openrtm.org/openrtm/ja/node/6549)
doc/faq/faq_common_license/index.md:- [プロジェクト作成マニュアル](http://openrtm.org/openrtm/ja/node/1554)
doc/installation/other/raspberrypi_casestudy/io_programming_pirt-unit/system_setting_pirt-unit/index.md:spi と i2c を利用するためには、raspi-config で Enable に設定します。[Raspberry Pi の初期設定](http://openrtm.org/openrtm/ja/node/266/) のページをご覧ください。
doc/installation/install_1_1/python_1_1/install_fedora_python_1_1/index.md:詳しいオプションやパッケージの種類につきましては、[こちら](http://openrtm.org/openrtm/ja/node/6345)をご確認ください。
doc/installation/install_1_1/python_1_1/test_windows_python_1_1/index.md:<!-- https://openrtm.org/openrtm/ja/node/1225/edit-->
doc/installation/install_1_1/python_1_1/install_ubuntu_python_1_1/index.md:<!-- -[[パッケージインストールスクリプト:http://www.openrtm.org/openrtm/ja/node/932#linuxpkg]] -->
doc/installation/install_1_1/cpp_1_1/install_windows_1_1/quick_start_1_1_2/index.md:https://openrtm.org/openrtm/ja/node/6026/
doc/installation/install_1_1/cpp_1_1/install_rasbian_1_1/index.md:<!-- [[移動ロボットKobukiの制御:http://openrtm.org/openrtm/ja/node/273/]] のページでもセットアップスクリプトを紹介しています。 -->
doc/installation/install_1_1/cpp_1_1/test_windows_1_1/index.md:https://openrtm.org/openrtm/ja/node/794<br>
doc/installation/sample_components/opencvcamera/index.md:    - Flipの詳しい使い方・解説は[こちら](http://www.openrtm.org/openrtm/ja/node/6057)をご確認ください。
doc/installation/install_1_2/java_1_2/ubuntu_java_1_2/index.md:一括インストールスクリプトのダウンロードや詳しいインストール方法、指定可能なオプションの種類につきましては、「[一括インストールスクリプト](http://openrtm.org/openrtm/ja/node/6345)」のページをご確認ください。
doc/old_documents/install_rtshell/index.md:[rtshell](http://www.openrtm.org/openrtm/ja/node/1005) はネームサーバー上に登録されている RTコンポーネントを、シェル (コマンドプロンプト) から管理することができるツールです。
doc/old_documents/install_rtshell/index.md:openrtm.org の[ダウンロードサイト](http://openrtm.org/openrtm/ja/node/1323)から
doc/old_documents/install_rtshell/index.md:openrtm.org の[ダウンロードサイト](http://openrtm.org/openrtm/ja/node/1323)から
doc/old_documents/install_rtshell/index.md:openrtm.org の [ダウンロードサイト](http://openrtm.org/openrtm/ja/node/869) から
